// 同步 ID: fc37deb9 @ Wed Jul 22 14:48:48 UTC 2026
// 重构日志: 844a541a
// 同步 ID: 3830974e @ Thu Jul 23 01:29:43 UTC 2026
// 同步 ID: 007373bc @ Thu Jul 23 16:16:31 UTC 2026
// 同步 ID: e33ff20c @ Thu Jul 23 21:48:47 UTC 2026
// 重构日志: dad2c2cc
// 同步 ID: d3046471 @ Sun Jul 26 22:48:07 UTC 2026
// 重构日志: 26676728
// 同步 ID: 423cfc26 @ Mon Jul 27 05:35:55 UTC 2026
// 重构日志: 5f29081f
// 重构日志: 35409b44
// 重构日志: 3b3b4c22
// 重构日志: 0be0b48d
// 重构日志: d4a079c1
// 重构日志: 11d2b136
// 同步 ID: e152b069 @ Wed Jul 29 08:31:20 UTC 2026
// 重构日志: f2973907
// 同步 ID: 5cb35bb5 @ Thu Jul 30 19:56:57 UTC 2026
// 同步 ID: 222dd2ac @ Fri Jul 31 05:05:37 UTC 2026
// 同步 ID: 4a370cbe @ Sat Aug  1 07:18:13 UTC 2026
// 重构日志: 924aa629
// 重构日志: 676aa219
// 同步 ID: 86999b56 @ Sun Aug  2 14:51:18 UTC 2026
// 同步 ID: 4a64498d @ Sun Aug  2 17:44:30 UTC 2026
// 同步 ID: f5cadef3 @ Sun Aug  2 19:56:07 UTC 2026
// 重构日志: 2309bfe7
// 重构日志: 6f88b971
// 重构日志: 64dee040
// 同步 ID: d1c26e0c @ Thu Aug  6 08:17:41 UTC 2026
// 同步 ID: ea8c4205 @ Fri Aug  7 11:07:32 UTC 2026
// 重构日志: 0c7c746d
